// Jest Snapshot v1, https://goo.gl/fbAQLP

exports[`slate converts bold.json to concerto 1`] = `
Object {
  "$class": "org.accordproject.commonmark.Document",
  "nodes": Array [
    Object {
      "$class": "org.accordproject.commonmark.Paragraph",
      "nodes": Array [
        Object {
          "$class": "org.accordproject.commonmark.Strong",
          "nodes": Array [
            Object {
              "$class": "org.accordproject.commonmark.Text",
              "text": "bold",
            },
          ],
        },
      ],
    },
  ],
  "xmlns": "http://commonmark.org/xml/1.0",
}
`;
